Errors occurred during Pass 2. Check console output.
